// Jest Snapshot v1, https://goo.gl/fbAQLP

exports[`Counter Component should render 1`] = `
<div>
  <div>
    Counter: 
    43
  </div>
</div>
`;
