// Jest Snapshot v1, https://goo.gl/fbAQLP

exports[`Message Component should render 1`] = `
<div>
  <div>
    test
  </div>
</div>
`;
